> ATZ            -> 'ELM327 v2.2'
> ATE0           -> 'OK'
> ATL0           -> 'OK'
> ATS0           -> 'OK'
> ATH1           -> 'OK'
> ATCAF1         -> 'OK'
> ATAT1          -> 'OK'
> ATST64         -> 'OK'
> ATRV           -> '12.4V'

##### 1. CAN 29-bit 500k, physical addressing 18DA10F1 -> 18DAF110 (engine ECU 0x10)
> ATSP7          -> 'OK'
> ATCP18         -> 'OK'
> ATSHDA10F1     -> 'OK'
> ATCRA18DAF110  -> 'OK'
> ATFCSH18DA10F1 -> 'OK'
> ATFCSD300000   -> 'OK'
> ATFCSM1        -> 'OK'
> 3E             -> 'NO DATA'
> 1A 80          -> 'NO DATA'
> 1A 87          -> 'NO DATA'
> 1A 90          -> 'NO DATA'
> 1A 91          -> 'NO DATA'
> 1A 92          -> 'NO DATA'
> 1A 94          -> 'NO DATA'
> 1A 97          -> 'NO DATA'
> 22 F190        -> 'NO DATA'
> 22 F187        -> 'NO DATA'
> 22 F18C        -> 'NO DATA'
> 22 F191        -> 'NO DATA'
> 22 F194        -> 'NO DATA'
> 22 F195        -> 'NO DATA'
> 18 00 FF 00    -> 'NO DATA'
> 19 02 FF       -> 'NO DATA'
> 21 01          -> 'NO DATA'
> 10 81          -> 'NO DATA'
=== CAN29 ECU 0x10: no response


##### 2. CAN 11-bit 500k, physical 7E0 -> 7E8 with KWP/UDS services
> ATSP6          -> 'OK'
> ATSH7E0        -> 'OK'
> ATCRA7E8       -> 'OK'
> ATFCSH7E0      -> 'OK'
> ATFCSD300000   -> 'OK'
> ATFCSM1        -> 'OK'
> 3E             -> 'NO DATA'
> 1A 80          -> 'NO DATA'
> 1A 87          -> 'NO DATA'
> 1A 90          -> 'NO DATA'
> 1A 91          -> 'NO DATA'
> 1A 92          -> 'NO DATA'
> 1A 94          -> 'NO DATA'
> 1A 97          -> 'NO DATA'
> 22 F190        -> 'NO DATA'
> 22 F187        -> 'NO DATA'
> 22 F18C        -> 'NO DATA'
> 22 F191        -> 'NO DATA'
> 22 F194        -> 'NO DATA'
> 22 F195        -> 'NO DATA'
> 18 00 FF 00    -> 'NO DATA'
> 19 02 FF       -> 'NO DATA'
> 21 01          -> 'NO DATA'
> 10 81          -> 'NO DATA'
=== CAN11 7E0: no response


##### 3. K-line ISO 14230 fast init, physical address 0x10, tester F1
> ATSP5          -> 'OK'
> ATKW0          -> 'OK'
> ATSH8010F1     -> 'OK'
> ATWM8010F13E   -> 'OK'
> ATFI           -> 'BUS INIT: ERROR'
fast init failed: BUS INIT: ERROR

##### 4. K-line ISO 14230 5-baud init, address 0x10
> ATSP4          -> 'OK'
> ATIIA10        -> 'OK'
> ATSH8010F1     -> 'OK'
> ATSI           -> 'BUS INIT: ...ERROR'
slow init failed: BUS INIT: ...ERROR
