> ATZ            -> 'ELM327 v2.2'
> ATE0           -> 'OK'
> ATL0           -> 'OK'
> ATS0           -> 'OK'
> ATRV           -> '14.2V'
> ATSP7          -> 'OK'
> ATCP18         -> 'OK'
> ATSHDA10F1     -> 'OK'
> ATCRA18DAF110  -> 'OK'
> ATCAF0         -> 'OK'
> ATV1           -> 'OK'
> ATH1           -> 'OK'
> ATAT0          -> 'OK'
> ATST64         -> 'OK'
> ATFCSH18DA10F1 -> 'OK'
> ATFCSD300000   -> 'OK'
> ATFCSM1        -> 'OK'
> ATCFC1         -> 'OK'

##### 1. fault status with engine running
  190201   testFailed NOW         -> 5902CF  'Y..'
      statusAvailabilityMask=CF
  190204   pending                -> 5902CF  'Y..'
      statusAvailabilityMask=CF
  190209   confirmed/testFailed   -> 5902CF01351408  'Y...5..'
      statusAvailabilityMask=CF
      P0135-14  status 08 ['confirmed']
  19022F   any active-ish bit     -> 5902CF01351408  'Y...5..'
      statusAvailabilityMask=CF
      P0135-14  status 08 ['confirmed']
  snapshot / extended data for P0135-14:
  1904013514FF   snapshot       -> 590401351408000910080003CFC010090023200A2DB660821410000B101924000010030083193700FA18120029  'Y..5.............# .-.`.......$.......7.....)'
  1906013514FF   extended data  -> 59060135140801608017608100  'Y..5...`..`..'

##### 2. RPM over 20 s (F40C), raw and as rpm/4 interpretation
  raw: [0, 0, 0, 0, 0, 0, 0, 0, 0, 0, 0, 0, 0, 0, 0, 0, 0, 0, 0, 0]
  as raw/4 rpm: mean=0 min=0 max=0 stdev=0.0
  as raw rpm  : mean=0 min=0 max=0 stdev=0.0

##### 3. known DIDs sampled 8x at idle (which ones move?)
  F40C static  n=8 min=0 max=0 samples=['0000', '0000', '0000', '0000', '0000', '0000']...
  1000 CHANGES n=8 min=3172 max=3224 samples=['0C7C', '0C94', '0C98', '0C74', '0C6C', '0C74']...
  1002 static  n=8 min=0 max=0 samples=['0000', '0000', '0000', '0000', '0000', '0000']...
  1003 CHANGES n=8 min=102 max=106 samples=['0066', '0066', '0067', '0068', '0069', '0069']...
  1004 CHANGES n=8 min=142 max=143 samples=['008E', '008E', '008E', '008F', '008E', '008F']...
  1008 CHANGES n=8 min=250455 max=250456 samples=['0003D257', '0003D257', '0003D257', '0003D258', '0003D258', '0003D258']...
  1009 CHANGES n=8 min=98 max=102 samples=['0062', '0062', '0063', '0064', '0064', '0065']...
  2000 static  n=8 min=16 max=16 samples=['0010', '0010', '0010', '0010', '0010', '0010']...
  2001 static  n=8 min=1426390 max=1426390 samples=['15C3D6', '15C3D6', '15C3D6', '15C3D6', '15C3D6', '15C3D6']...
  2002 static  n=8 min=0 max=0 samples=['000000', '000000', '000000', '000000', '000000', '000000']...
  2003 static  n=8 min=0 max=0 samples=['00', '00', '00', '00', '00', '00']...
  2004 static  n=8 min=0 max=0 samples=['00', '00', '00', '00', '00', '00']...
  2005 static  n=8 min=0 max=0 samples=['00', '00', '00', '00', '00', '00']...
  2006 static  n=8 min=0 max=0 samples=['0000', '0000', '0000', '0000', '0000', '0000']...
  2007 static  n=8 min=0 max=0 samples=['000000', '000000', '000000', '000000', '000000', '000000']...
  2008 static  n=8 min=250425 max=250425 samples=['0003D239', '0003D239', '0003D239', '0003D239', '0003D239', '0003D239']...
  2009 static  n=8 min=24 max=24 samples=['0018', '0018', '0018', '0018', '0018', '0018']...
  200A static  n=8 min=11749 max=11749 samples=['2DE5', '2DE5', '2DE5', '2DE5', '2DE5', '2DE5']...
  200B static  n=8 min=249792 max=249792 samples=['0003CFC0', '0003CFC0', '0003CFC0', '0003CFC0', '0003CFC0', '0003CFC0']...
  200C static  n=8 min=36 max=36 samples=['0024', '0024', '0024', '0024', '0024', '0024']...
  200F static  n=8 min=245 max=245 samples=['F5', 'F5', 'F5', 'F5', 'F5', 'F5']...
  2010 static  n=8 min=4294967295 max=4294967295 samples=['FFFFFFFF', 'FFFFFFFF', 'FFFFFFFF', 'FFFFFFFF', 'FFFFFFFF', 'FFFFFFFF']...

##### 4. sweeping more DID ranges with engine running
  range 0200-02FF: 0 hits in 51s
  range 0300-03FF: 0 hits in 51s
  range 1100-11FF: 0 hits in 51s
  range 2100-21FF: 0 hits in 51s
  range 2200-22FF: 0 hits in 51s
  range 3000-30FF: 0 hits in 51s
  range 4000-40FF: 0 hits in 51s
  range F000-F0FF: 0 hits in 51s
