  1800 -> 002F
  1801 -> 2819
  1802 -> 002A
  1803 -> 01
  1804 -> 02
  1805 -> 02
  180B -> 02
  1811 -> 0035
  1812 -> 0032
  1817 -> 00CD
  181D -> 0030
  181F -> 0111
  1820 -> 0000
  1824 -> FFD9
  1829 -> 01
  182C -> 02
  182E -> 01
  1830 -> 0000
  183A -> 0000
  1843 -> 0000
  1845 -> 0000
  185F -> 01
  1860 -> 0C
  1862 -> 0047
  1863 -> 004A
  1864 -> 009E
  1865 -> 0367
  1867 -> 0000
  1868 -> 01
  1869 -> 01
  186A -> 0220
  186B -> 0D48
  186C -> 0000
  186D -> 0000
  186E -> 0000
  186F -> 0000
  1875 -> 08
  1876 -> 01
  1891 -> 0042
  1892 -> 0041
  1893 -> 0044
  1894 -> 0043
  1898 -> 003F
  189A -> 0007
  18A0 -> 03E1
  18A2 -> 03EF
  18A3 -> 0408
  18A4 -> 03F0
  18A6 -> 095B
  18A7 -> AB76
  18AB -> 9C40
  18AD -> 0160
  18AE -> 015D
  18B1 -> 01BA
  18BC -> 0047
  1909 -> 0A
  1910 -> 01
  1911 -> 01
  191D -> 2EE0
  191E -> 09
  1920 -> E0
  1921 -> 03
  1923 -> 22
  1924 -> 0000
  1925 -> 00CC
  1926 -> 00CA
  192D -> 0000
  192E -> 02
  192F -> 3383
  1931 -> 1802
  1934 -> 015E
  1935 -> 0058
  1936 -> 0140
  1937 -> 01D9
  1938 -> 018B
  1942 -> 0267
  194C -> 01
  194D -> 02
  194F -> 0063
  1956 -> 034D
  1957 -> 024E
  195E -> 00
  1965 -> 08
  1966 -> 0691
  1967 -> 0E80
  1968 -> 11B3
  1969 -> 19BE
  196A -> 1CF0
  196B -> 2807
  196C -> FFE0
  196D -> FFF8
  1970 -> 0000
  1972 -> 0002
  197A -> 02
  197B -> 02
  197C -> 02
  197D -> 008E
  197E -> 008D
  1980 -> 00
  1992 -> 00
100 DIDs answered in 1800-19FF
